EN reg4bits NULL C:/Users/082190011/Documents/GitHub/ResSegMux7SegPlusUCFD/ResSegMux7SegPlusUCFDProj/reg4bits.vhd sub00/vhpl00 1683334700
AR decoder7seg behavioral C:/Users/082190011/Documents/GitHub/ResSegMux7SegPlusUCFD/ResSegMux7SegPlusUCFDProj/decoder7seg.vhd sub00/vhpl05 1683334705
EN sd_mux NULL C:/Users/082190011/Documents/GitHub/ResSegMux7SegPlusUCFD/ResSegMux7SegPlusUCFDProj/SD_MUX.vhd sub00/vhpl10 1683334710
EN uc_mux NULL C:/Users/082190011/Documents/GitHub/ResSegMux7SegPlusUCFD/ResSegMux7SegPlusUCFDProj/UC_MUX.vhd sub00/vhpl08 1683334708
AR regmux7seg behavioral C:/Users/082190011/Documents/GitHub/ResSegMux7SegPlusUCFD/ResSegMux7SegPlusUCFDProj/regmux7seg.vhd sub00/vhpl07 1683334707
EN mux2x4 NULL C:/Users/082190011/Documents/GitHub/ResSegMux7SegPlusUCFD/ResSegMux7SegPlusUCFDProj/mux2x4.vhd sub00/vhpl02 1683334702
EN decoder7seg NULL C:/Users/082190011/Documents/GitHub/ResSegMux7SegPlusUCFD/ResSegMux7SegPlusUCFDProj/decoder7seg.vhd sub00/vhpl04 1683334704
EN regmux7seg NULL C:/Users/082190011/Documents/GitHub/ResSegMux7SegPlusUCFD/ResSegMux7SegPlusUCFDProj/regmux7seg.vhd sub00/vhpl06 1683334706
AR reg4bits behavioral C:/Users/082190011/Documents/GitHub/ResSegMux7SegPlusUCFD/ResSegMux7SegPlusUCFDProj/reg4bits.vhd sub00/vhpl01 1683334701
AR mux2x4 behavioral C:/Users/082190011/Documents/GitHub/ResSegMux7SegPlusUCFD/ResSegMux7SegPlusUCFDProj/mux2x4.vhd sub00/vhpl03 1683334703
AR sd_mux behavioral C:/Users/082190011/Documents/GitHub/ResSegMux7SegPlusUCFD/ResSegMux7SegPlusUCFDProj/SD_MUX.vhd sub00/vhpl11 1683334711
AR uc_mux behavioral C:/Users/082190011/Documents/GitHub/ResSegMux7SegPlusUCFD/ResSegMux7SegPlusUCFDProj/UC_MUX.vhd sub00/vhpl09 1683334709
